MPLINK 4.49, Linker
Linker Map File - Created Thu Nov 12 01:05:07 2020

                                 Section Info
                  Section       Type    Address   Location Size(Bytes)
                ---------  ---------  ---------  ---------  ---------
                   .org_0       code   0x000000    program   0x000004
                   .cinit    romdata   0x000004    program   0x000002
                   .org_1       code   0x000008    program   0x000002
                   .org_2       code   0x000018    program   0x00001a



                              Program Memory Usage 
                               Start         End      
                           ---------   ---------      
                            0x000000    0x000005      
                            0x000008    0x000009      
                            0x000018    0x000031      
            34 out of 33048 program addresses used, program memory utilization is 0%



                              Symbols - Sorted by Name
                     Name    Address   Location    Storage File                     
                ---------  ---------  ---------  --------- ---------                
                    check   0x000022    program     static C:\Users\selvanarenthan\Desktop\Microcontroller\Time Delay.asm
                   check1   0x00002a    program     static C:\Users\selvanarenthan\Desktop\Microcontroller\Time Delay.asm
                    start   0x00001a    program     static C:\Users\selvanarenthan\Desktop\Microcontroller\Time Delay.asm



                              Symbols - Sorted by Address
                     Name    Address   Location    Storage File                     
                ---------  ---------  ---------  --------- ---------                
                    start   0x00001a    program     static C:\Users\selvanarenthan\Desktop\Microcontroller\Time Delay.asm
                    check   0x000022    program     static C:\Users\selvanarenthan\Desktop\Microcontroller\Time Delay.asm
                   check1   0x00002a    program     static C:\Users\selvanarenthan\Desktop\Microcontroller\Time Delay.asm


